# UTC 2026-09-28T06:37:44Z
# CMD: terraform apply -input=false -no-color gpu-cleanup.tfplan

aws_eks_node_group.gpu: Destroying... [id=sorami-lab:sorami-lab-gpu-spot]
aws_eks_node_group.gpu: Still destroying... [id=sorami-lab:sorami-lab-gpu-spot, 00m10s elapsed]
aws_eks_node_group.gpu: Still destroying... [id=sorami-lab:sorami-lab-gpu-spot, 00m20s elapsed]
aws_eks_node_group.gpu: Still destroying... [id=sorami-lab:sorami-lab-gpu-spot, 00m30s elapsed]
aws_eks_node_group.gpu: Still destroying... [id=sorami-lab:sorami-lab-gpu-spot, 00m40s elapsed]
aws_eks_node_group.gpu: Still destroying... [id=sorami-lab:sorami-lab-gpu-spot, 00m50s elapsed]
aws_eks_node_group.gpu: Still destroying... [id=sorami-lab:sorami-lab-gpu-spot, 01m00s elapsed]
aws_eks_node_group.gpu: Still destroying... [id=sorami-lab:sorami-lab-gpu-spot, 01m10s elapsed]
aws_eks_node_group.gpu: Still destroying... [id=sorami-lab:sorami-lab-gpu-spot, 01m20s elapsed]
aws_eks_node_group.gpu: Still destroying... [id=sorami-lab:sorami-lab-gpu-spot, 01m30s elapsed]
aws_eks_node_group.gpu: Still destroying... [id=sorami-lab:sorami-lab-gpu-spot, 01m40s elapsed]
aws_eks_node_group.gpu: Still destroying... [id=sorami-lab:sorami-lab-gpu-spot, 01m50s elapsed]
aws_eks_node_group.gpu: Still destroying... [id=sorami-lab:sorami-lab-gpu-spot, 02m00s elapsed]
aws_eks_node_group.gpu: Still destroying... [id=sorami-lab:sorami-lab-gpu-spot, 02m10s elapsed]
aws_eks_node_group.gpu: Still destroying... [id=sorami-lab:sorami-lab-gpu-spot, 02m20s elapsed]
aws_eks_node_group.gpu: Still destroying... [id=sorami-lab:sorami-lab-gpu-spot, 02m30s elapsed]
aws_eks_node_group.gpu: Still destroying... [id=sorami-lab:sorami-lab-gpu-spot, 02m40s elapsed]
aws_eks_node_group.gpu: Still destroying... [id=sorami-lab:sorami-lab-gpu-spot, 02m50s elapsed]
aws_eks_node_group.gpu: Still destroying... [id=sorami-lab:sorami-lab-gpu-spot, 03m00s elapsed]
aws_eks_node_group.gpu: Still destroying... [id=sorami-lab:sorami-lab-gpu-spot, 03m10s elapsed]
aws_eks_node_group.gpu: Still destroying... [id=sorami-lab:sorami-lab-gpu-spot, 03m20s elapsed]
aws_eks_node_group.gpu: Still destroying... [id=sorami-lab:sorami-lab-gpu-spot, 03m30s elapsed]
aws_eks_node_group.gpu: Still destroying... [id=sorami-lab:sorami-lab-gpu-spot, 03m40s elapsed]
aws_eks_node_group.gpu: Still destroying... [id=sorami-lab:sorami-lab-gpu-spot, 03m50s elapsed]
aws_eks_node_group.gpu: Still destroying... [id=sorami-lab:sorami-lab-gpu-spot, 04m00s elapsed]
aws_eks_node_group.gpu: Still destroying... [id=sorami-lab:sorami-lab-gpu-spot, 04m10s elapsed]
aws_eks_node_group.gpu: Still destroying... [id=sorami-lab:sorami-lab-gpu-spot, 04m20s elapsed]
aws_eks_node_group.gpu: Still destroying... [id=sorami-lab:sorami-lab-gpu-spot, 04m30s elapsed]
aws_eks_node_group.gpu: Still destroying... [id=sorami-lab:sorami-lab-gpu-spot, 04m40s elapsed]
aws_eks_node_group.gpu: Still destroying... [id=sorami-lab:sorami-lab-gpu-spot, 04m50s elapsed]
aws_eks_node_group.gpu: Still destroying... [id=sorami-lab:sorami-lab-gpu-spot, 05m00s elapsed]
aws_eks_node_group.gpu: Still destroying... [id=sorami-lab:sorami-lab-gpu-spot, 05m10s elapsed]
aws_eks_node_group.gpu: Still destroying... [id=sorami-lab:sorami-lab-gpu-spot, 05m20s elapsed]
aws_eks_node_group.gpu: Still destroying... [id=sorami-lab:sorami-lab-gpu-spot, 05m30s elapsed]
aws_eks_node_group.gpu: Still destroying... [id=sorami-lab:sorami-lab-gpu-spot, 05m40s elapsed]
aws_eks_node_group.gpu: Still destroying... [id=sorami-lab:sorami-lab-gpu-spot, 05m50s elapsed]
aws_eks_node_group.gpu: Still destroying... [id=sorami-lab:sorami-lab-gpu-spot, 06m00s elapsed]
aws_eks_node_group.gpu: Still destroying... [id=sorami-lab:sorami-lab-gpu-spot, 06m10s elapsed]
aws_eks_node_group.gpu: Still destroying... [id=sorami-lab:sorami-lab-gpu-spot, 06m20s elapsed]
aws_eks_node_group.gpu: Still destroying... [id=sorami-lab:sorami-lab-gpu-spot, 06m30s elapsed]
aws_eks_node_group.gpu: Still destroying... [id=sorami-lab:sorami-lab-gpu-spot, 06m40s elapsed]
aws_eks_node_group.gpu: Still destroying... [id=sorami-lab:sorami-lab-gpu-spot, 06m50s elapsed]
aws_eks_node_group.gpu: Still destroying... [id=sorami-lab:sorami-lab-gpu-spot, 07m00s elapsed]
aws_eks_node_group.gpu: Still destroying... [id=sorami-lab:sorami-lab-gpu-spot, 07m10s elapsed]
aws_eks_node_group.gpu: Still destroying... [id=sorami-lab:sorami-lab-gpu-spot, 07m20s elapsed]
aws_eks_node_group.gpu: Still destroying... [id=sorami-lab:sorami-lab-gpu-spot, 07m30s elapsed]
aws_eks_node_group.gpu: Still destroying... [id=sorami-lab:sorami-lab-gpu-spot, 07m40s elapsed]
aws_eks_node_group.gpu: Still destroying... [id=sorami-lab:sorami-lab-gpu-spot, 07m50s elapsed]
aws_eks_node_group.gpu: Still destroying... [id=sorami-lab:sorami-lab-gpu-spot, 08m00s elapsed]
aws_eks_node_group.gpu: Still destroying... [id=sorami-lab:sorami-lab-gpu-spot, 08m10s elapsed]
aws_eks_node_group.gpu: Still destroying... [id=sorami-lab:sorami-lab-gpu-spot, 08m20s elapsed]
aws_eks_node_group.gpu: Still destroying... [id=sorami-lab:sorami-lab-gpu-spot, 08m30s elapsed]
aws_eks_node_group.gpu: Still destroying... [id=sorami-lab:sorami-lab-gpu-spot, 08m40s elapsed]
aws_eks_node_group.gpu: Still destroying... [id=sorami-lab:sorami-lab-gpu-spot, 08m50s elapsed]
aws_eks_node_group.gpu: Still destroying... [id=sorami-lab:sorami-lab-gpu-spot, 09m00s elapsed]
aws_eks_node_group.gpu: Still destroying... [id=sorami-lab:sorami-lab-gpu-spot, 09m10s elapsed]
aws_eks_node_group.gpu: Still destroying... [id=sorami-lab:sorami-lab-gpu-spot, 09m20s elapsed]
aws_eks_node_group.gpu: Still destroying... [id=sorami-lab:sorami-lab-gpu-spot, 09m30s elapsed]
aws_eks_node_group.gpu: Still destroying... [id=sorami-lab:sorami-lab-gpu-spot, 09m40s elapsed]
aws_eks_node_group.gpu: Still destroying... [id=sorami-lab:sorami-lab-gpu-spot, 09m50s elapsed]
aws_eks_node_group.gpu: Still destroying... [id=sorami-lab:sorami-lab-gpu-spot, 10m00s elapsed]
aws_eks_node_group.gpu: Still destroying... [id=sorami-lab:sorami-lab-gpu-spot, 10m10s elapsed]
aws_eks_node_group.gpu: Destruction complete after 10m12s
aws_eks_node_group.gpu: Creating...
aws_eks_node_group.gpu: Still creating... [00m10s elapsed]
aws_eks_node_group.gpu: Still creating... [00m20s elapsed]
aws_eks_node_group.gpu: Still creating... [00m30s elapsed]
aws_eks_node_group.gpu: Still creating... [00m40s elapsed]
aws_eks_node_group.gpu: Creation complete after 47s [id=sorami-lab:sorami-lab-gpu-spot]

Apply complete! Resources: 1 added, 0 changed, 1 destroyed.

Outputs:

cluster_name = "sorami-lab"
vpc_id = "vpc-0bebc9d241ddd65e5"
# EXIT: 0
