# UTC start 2026-09-28T04:02:56Z
# CMD: terraform apply sorami-lab.tfplan
04:02:58Z aws_iam_role.cluster: Creating...
04:02:58Z aws_vpc.this: Creating...
04:02:58Z aws_iam_role.node: Creating...
04:02:59Z aws_vpc.this: Creation complete after 2s [id=vpc-0bebc9d241ddd65e5]
04:02:59Z aws_internet_gateway.this: Creating...
04:02:59Z aws_subnet.public[1]: Creating...
04:02:59Z aws_subnet.public[2]: Creating...
04:02:59Z aws_subnet.public[0]: Creating...
04:02:59Z aws_iam_role.cluster: Creation complete after 2s [id=sorami-lab-eks-cluster]
04:02:59Z aws_iam_role_policy_attachment.cluster: Creating...
04:02:59Z aws_iam_role.node: Creation complete after 2s [id=sorami-lab-eks-node]
04:02:59Z aws_iam_role_policy_attachment.node["arn:aws:iam::aws:policy/AmazonEC2ContainerRegistryReadOnly"]: Creating...
04:02:59Z aws_iam_role_policy_attachment.node["arn:aws:iam::aws:policy/AmazonEKSWorkerNodePolicy"]: Creating...
04:02:59Z aws_iam_role_policy_attachment.node["arn:aws:iam::aws:policy/AmazonEKS_CNI_Policy"]: Creating...
04:03:00Z aws_internet_gateway.this: Creation complete after 0s [id=igw-0af8dbe6c79c1f176]
04:03:00Z aws_route_table.public: Creating...
04:03:00Z aws_iam_role_policy_attachment.cluster: Creation complete after 1s [id=sorami-lab-eks-cluster/arn:aws:iam::aws:policy/AmazonEKSClusterPolicy]
04:03:00Z aws_iam_role_policy_attachment.node["arn:aws:iam::aws:policy/AmazonEKSWorkerNodePolicy"]: Creation complete after 1s [id=sorami-lab-eks-node/arn:aws:iam::aws:policy/AmazonEKSWorkerNodePolicy]
04:03:00Z aws_iam_role_policy_attachment.node["arn:aws:iam::aws:policy/AmazonEC2ContainerRegistryReadOnly"]: Creation complete after 1s [id=sorami-lab-eks-node/arn:aws:iam::aws:policy/AmazonEC2ContainerRegistryReadOnly]
04:03:00Z aws_route_table.public: Creation complete after 1s [id=rtb-043de5853a510e211]
04:03:00Z aws_iam_role_policy_attachment.node["arn:aws:iam::aws:policy/AmazonEKS_CNI_Policy"]: Creation complete after 1s [id=sorami-lab-eks-node/arn:aws:iam::aws:policy/AmazonEKS_CNI_Policy]
04:03:09Z aws_subnet.public[1]: Still creating... [00m10s elapsed]
04:03:09Z aws_subnet.public[2]: Still creating... [00m10s elapsed]
04:03:09Z aws_subnet.public[0]: Still creating... [00m10s elapsed]
04:03:10Z aws_subnet.public[0]: Creation complete after 11s [id=subnet-048e4c9974803dd90]
04:03:10Z aws_subnet.public[2]: Creation complete after 11s [id=subnet-02a31b172192bd71a]
04:03:12Z aws_subnet.public[1]: Creation complete after 13s [id=subnet-0c0bcde9b0f3f0476]
04:03:12Z aws_route_table_association.public[2]: Creating...
04:03:12Z aws_route_table_association.public[0]: Creating...
04:03:12Z aws_route_table_association.public[1]: Creating...
04:03:12Z aws_eks_cluster.this: Creating...
04:03:12Z aws_route_table_association.public[1]: Creation complete after 0s [id=rtbassoc-05cf40cfe5d76709a]
04:03:13Z aws_route_table_association.public[0]: Creation complete after 0s [id=rtbassoc-0e8c967b49b0d5138]
04:03:13Z aws_route_table_association.public[2]: Creation complete after 0s [id=rtbassoc-0f834816a37519db5]
04:03:22Z aws_eks_cluster.this: Still creating... [00m10s elapsed]
04:03:32Z aws_eks_cluster.this: Still creating... [00m20s elapsed]
04:03:42Z aws_eks_cluster.this: Still creating... [00m30s elapsed]
04:03:52Z aws_eks_cluster.this: Still creating... [00m40s elapsed]
04:04:02Z aws_eks_cluster.this: Still creating... [00m50s elapsed]
04:04:12Z aws_eks_cluster.this: Still creating... [01m00s elapsed]
04:04:22Z aws_eks_cluster.this: Still creating... [01m10s elapsed]
04:04:32Z aws_eks_cluster.this: Still creating... [01m20s elapsed]
04:04:42Z aws_eks_cluster.this: Still creating... [01m30s elapsed]
04:04:52Z aws_eks_cluster.this: Still creating... [01m40s elapsed]
04:05:02Z aws_eks_cluster.this: Still creating... [01m50s elapsed]
04:05:12Z aws_eks_cluster.this: Still creating... [02m00s elapsed]
04:05:22Z aws_eks_cluster.this: Still creating... [02m10s elapsed]
04:05:32Z aws_eks_cluster.this: Still creating... [02m20s elapsed]
04:05:42Z aws_eks_cluster.this: Still creating... [02m30s elapsed]
04:05:52Z aws_eks_cluster.this: Still creating... [02m40s elapsed]
04:06:02Z aws_eks_cluster.this: Still creating... [02m50s elapsed]
04:06:12Z aws_eks_cluster.this: Still creating... [03m00s elapsed]
04:06:22Z aws_eks_cluster.this: Still creating... [03m10s elapsed]
04:06:32Z aws_eks_cluster.this: Still creating... [03m20s elapsed]
04:06:42Z aws_eks_cluster.this: Still creating... [03m30s elapsed]
04:06:52Z aws_eks_cluster.this: Still creating... [03m40s elapsed]
04:07:02Z aws_eks_cluster.this: Still creating... [03m50s elapsed]
04:07:12Z aws_eks_cluster.this: Still creating... [04m00s elapsed]
04:07:22Z aws_eks_cluster.this: Still creating... [04m10s elapsed]
04:07:32Z aws_eks_cluster.this: Still creating... [04m20s elapsed]
04:07:42Z aws_eks_cluster.this: Still creating... [04m30s elapsed]
04:07:52Z aws_eks_cluster.this: Still creating... [04m40s elapsed]
04:08:02Z aws_eks_cluster.this: Still creating... [04m50s elapsed]
04:08:12Z aws_eks_cluster.this: Still creating... [05m00s elapsed]
04:08:22Z aws_eks_cluster.this: Still creating... [05m10s elapsed]
04:08:32Z aws_eks_cluster.this: Still creating... [05m20s elapsed]
04:08:42Z aws_eks_cluster.this: Still creating... [05m30s elapsed]
04:08:52Z aws_eks_cluster.this: Still creating... [05m40s elapsed]
04:09:02Z aws_eks_cluster.this: Still creating... [05m50s elapsed]
04:09:12Z aws_eks_cluster.this: Still creating... [06m00s elapsed]
04:09:22Z aws_eks_cluster.this: Still creating... [06m10s elapsed]
04:09:32Z aws_eks_cluster.this: Still creating... [06m20s elapsed]
04:09:42Z aws_eks_cluster.this: Still creating... [06m30s elapsed]
04:09:52Z aws_eks_cluster.this: Still creating... [06m40s elapsed]
04:10:02Z aws_eks_cluster.this: Still creating... [06m50s elapsed]
04:10:12Z aws_eks_cluster.this: Still creating... [07m00s elapsed]
04:10:22Z aws_eks_cluster.this: Still creating... [07m10s elapsed]
04:10:32Z aws_eks_cluster.this: Still creating... [07m20s elapsed]
04:10:42Z aws_eks_cluster.this: Still creating... [07m30s elapsed]
04:10:52Z aws_eks_cluster.this: Still creating... [07m40s elapsed]
04:11:02Z aws_eks_cluster.this: Still creating... [07m50s elapsed]
04:11:12Z aws_eks_cluster.this: Still creating... [08m00s elapsed]
04:11:22Z aws_eks_cluster.this: Still creating... [08m10s elapsed]
04:11:32Z aws_eks_cluster.this: Still creating... [08m20s elapsed]
04:11:42Z aws_eks_cluster.this: Still creating... [08m30s elapsed]
04:11:52Z aws_eks_cluster.this: Still creating... [08m40s elapsed]
04:12:02Z aws_eks_cluster.this: Still creating... [08m50s elapsed]
04:12:06Z aws_eks_cluster.this: Creation complete after 8m54s [id=sorami-lab]
04:12:06Z aws_eks_addon.vpc_cni: Creating...
04:12:14Z aws_eks_addon.vpc_cni: Creation complete after 7s [id=sorami-lab:vpc-cni]
04:12:14Z aws_eks_node_group.cpu: Creating...
04:12:14Z aws_eks_node_group.gpu: Creating...
04:12:24Z aws_eks_node_group.cpu: Still creating... [00m10s elapsed]
04:12:24Z aws_eks_node_group.gpu: Still creating... [00m10s elapsed]
04:12:34Z aws_eks_node_group.cpu: Still creating... [00m20s elapsed]
04:12:34Z aws_eks_node_group.gpu: Still creating... [00m20s elapsed]
04:12:44Z aws_eks_node_group.gpu: Still creating... [00m30s elapsed]
04:12:44Z aws_eks_node_group.cpu: Still creating... [00m30s elapsed]
04:12:54Z aws_eks_node_group.gpu: Still creating... [00m40s elapsed]
04:12:54Z aws_eks_node_group.cpu: Still creating... [00m40s elapsed]
04:13:01Z aws_eks_node_group.gpu: Creation complete after 47s [id=sorami-lab:sorami-lab-gpu-spot]
04:13:04Z aws_eks_node_group.cpu: Still creating... [00m50s elapsed]
04:13:14Z aws_eks_node_group.cpu: Still creating... [01m00s elapsed]
04:13:24Z aws_eks_node_group.cpu: Still creating... [01m10s elapsed]
04:13:34Z aws_eks_node_group.cpu: Still creating... [01m20s elapsed]
04:13:44Z aws_eks_node_group.cpu: Still creating... [01m30s elapsed]
04:13:54Z aws_eks_node_group.cpu: Still creating... [01m40s elapsed]
04:14:04Z aws_eks_node_group.cpu: Still creating... [01m50s elapsed]
04:14:13Z aws_eks_node_group.cpu: Creation complete after 1m59s [id=sorami-lab:sorami-lab-cpu-spot]
04:14:13Z aws_eks_addon.core["coredns"]: Creating...
04:14:13Z aws_eks_addon.core["kube-proxy"]: Creating...
04:14:23Z aws_eks_addon.core["coredns"]: Still creating... [00m10s elapsed]
04:14:23Z aws_eks_addon.core["kube-proxy"]: Still creating... [00m10s elapsed]
04:14:27Z aws_eks_addon.core["coredns"]: Creation complete after 14s [id=sorami-lab:coredns]
04:14:33Z aws_eks_addon.core["kube-proxy"]: Still creating... [00m20s elapsed]
04:14:37Z aws_eks_addon.core["kube-proxy"]: Creation complete after 24s [id=sorami-lab:kube-proxy]
04:14:37Z 
04:14:37Z Apply complete! Resources: 21 added, 0 changed, 0 destroyed.
04:14:37Z 
04:14:37Z Outputs:
04:14:37Z 
04:14:37Z cluster_name = "sorami-lab"
04:14:37Z vpc_id = "vpc-0bebc9d241ddd65e5"
# EXIT: 0
# UTC end 2026-09-28T04:14:37Z
