# UTC 2026-09-28T06:03:29Z
# CMD: terraform apply -input=false -no-color gpu-ondemand.tfplan

aws_eks_node_group.gpu_ondemand: Creating...
aws_eks_node_group.gpu_ondemand: Still creating... [00m10s elapsed]
aws_eks_node_group.gpu_ondemand: Still creating... [00m20s elapsed]
aws_eks_node_group.gpu_ondemand: Still creating... [00m30s elapsed]
aws_eks_node_group.gpu_ondemand: Still creating... [00m40s elapsed]
aws_eks_node_group.gpu_ondemand: Creation complete after 47s [id=sorami-lab:sorami-lab-gpu-ondemand]

Warning: Applied changes may be incomplete

The plan was created with the -target option in effect, so some changes
requested in the configuration may have been ignored and the output values
may not be fully updated. Run the following command to verify that no other
changes are pending:
    terraform plan

Note that the -target option is not suitable for routine use, and is provided
only for exceptional situations such as recovering from errors or mistakes,
or when Terraform specifically suggests to use it as part of an error
message.

Apply complete! Resources: 1 added, 0 changed, 0 destroyed.

Outputs:

cluster_name = "sorami-lab"
vpc_id = "vpc-0bebc9d241ddd65e5"
# EXIT: 0
