# UTC 2026-09-28T04:27:11Z
# CMD: kubectl --context sorami-lab auth can-i --list -n sorami-lab-stack-kuberay --as=system:serviceaccount:sorami-lab-stack-kuberay:default

Warning: the list may be incomplete: webhook authorizer does not support user rule resolution
Resources                                       Non-Resource URLs                      Resource Names   Verbs
selfsubjectreviews.authentication.k8s.io        []                                     []               [create]
selfsubjectaccessreviews.authorization.k8s.io   []                                     []               [create]
selfsubjectrulesreviews.authorization.k8s.io    []                                     []               [create]
                                                [/.well-known/openid-configuration/]   []               [get]
                                                [/.well-known/openid-configuration]    []               [get]
                                                [/api/*]                               []               [get]
                                                [/api]                                 []               [get]
                                                [/apis/*]                              []               [get]
                                                [/apis]                                []               [get]
                                                [/healthz]                             []               [get]
                                                [/healthz]                             []               [get]
                                                [/livez]                               []               [get]
                                                [/livez]                               []               [get]
                                                [/openapi/*]                           []               [get]
                                                [/openapi]                             []               [get]
                                                [/openid/v1/jwks/]                     []               [get]
                                                [/openid/v1/jwks]                      []               [get]
                                                [/readyz]                              []               [get]
                                                [/readyz]                              []               [get]
                                                [/version/]                            []               [get]
                                                [/version/]                            []               [get]
                                                [/version]                             []               [get]
                                                [/version]                             []               [get]
# EXIT: 0
