# UTC 2026-09-28T04:14:56Z
# CMD: bash -c cd test-harness/infra && terraform state list

data.aws_iam_policy_document.eks_assume
data.aws_iam_policy_document.node_assume
aws_eks_addon.core["coredns"]
aws_eks_addon.core["kube-proxy"]
aws_eks_addon.vpc_cni
aws_eks_cluster.this
aws_eks_node_group.cpu
aws_eks_node_group.gpu
aws_iam_role.cluster
aws_iam_role.node
aws_iam_role_policy_attachment.cluster
aws_iam_role_policy_attachment.node["arn:aws:iam::aws:policy/AmazonEC2ContainerRegistryReadOnly"]
aws_iam_role_policy_attachment.node["arn:aws:iam::aws:policy/AmazonEKSWorkerNodePolicy"]
aws_iam_role_policy_attachment.node["arn:aws:iam::aws:policy/AmazonEKS_CNI_Policy"]
aws_internet_gateway.this
aws_route_table.public
aws_route_table_association.public[0]
aws_route_table_association.public[1]
aws_route_table_association.public[2]
aws_subnet.public[0]
aws_subnet.public[1]
aws_subnet.public[2]
aws_vpc.this
# EXIT: 0
