# UTC 2026-09-28T03:46:46Z
data.aws_iam_policy_document.node_assume: Reading...
data.aws_iam_policy_document.eks_assume: Reading...
data.aws_iam_policy_document.node_assume: Read complete after 0s [id=2851119427]
data.aws_iam_policy_document.eks_assume: Read complete after 0s [id=1029077455]

Terraform used the selected providers to generate the following execution
plan. Resource actions are indicated with the following symbols:
  + create

Terraform will perform the following actions:

  # aws_eks_addon.core["coredns"] will be created
  + resource "aws_eks_addon" "core" {
      + addon_name                  = "coredns"
      + addon_version               = (known after apply)
      + arn                         = (known after apply)
      + cluster_name                = "sorami-lab"
      + configuration_values        = (known after apply)
      + created_at                  = (known after apply)
      + id                          = (known after apply)
      + modified_at                 = (known after apply)
      + region                      = "ap-southeast-2"
      + resolve_conflicts_on_create = "OVERWRITE"
      + tags_all                    = {
          + "ManagedBy" = "terraform"
          + "Owner"     = "sorami-lab"
          + "Project"   = "test-harness"
          + "Purpose"   = "research-ephemeral"
        }

      + namespace_config (known after apply)
    }

  # aws_eks_addon.core["kube-proxy"] will be created
  + resource "aws_eks_addon" "core" {
      + addon_name                  = "kube-proxy"
      + addon_version               = (known after apply)
      + arn                         = (known after apply)
      + cluster_name                = "sorami-lab"
      + configuration_values        = (known after apply)
      + created_at                  = (known after apply)
      + id                          = (known after apply)
      + modified_at                 = (known after apply)
      + region                      = "ap-southeast-2"
      + resolve_conflicts_on_create = "OVERWRITE"
      + tags_all                    = {
          + "ManagedBy" = "terraform"
          + "Owner"     = "sorami-lab"
          + "Project"   = "test-harness"
          + "Purpose"   = "research-ephemeral"
        }

      + namespace_config (known after apply)
    }

  # aws_eks_addon.vpc_cni will be created
  + resource "aws_eks_addon" "vpc_cni" {
      + addon_name                  = "vpc-cni"
      + addon_version               = (known after apply)
      + arn                         = (known after apply)
      + cluster_name                = "sorami-lab"
      + configuration_values        = jsonencode(
            {
              + enableNetworkPolicy = "true"
            }
        )
      + created_at                  = (known after apply)
      + id                          = (known after apply)
      + modified_at                 = (known after apply)
      + region                      = "ap-southeast-2"
      + resolve_conflicts_on_create = "OVERWRITE"
      + tags_all                    = {
          + "ManagedBy" = "terraform"
          + "Owner"     = "sorami-lab"
          + "Project"   = "test-harness"
          + "Purpose"   = "research-ephemeral"
        }

      + namespace_config (known after apply)
    }

  # aws_eks_cluster.this will be created
  + resource "aws_eks_cluster" "this" {
      + arn                           = (known after apply)
      + bootstrap_self_managed_addons = true
      + certificate_authority         = (known after apply)
      + cluster_id                    = (known after apply)
      + created_at                    = (known after apply)
      + deletion_protection           = (known after apply)
      + enabled_cluster_log_types     = [
          + "api",
          + "audit",
          + "authenticator",
        ]
      + endpoint                      = (known after apply)
      + id                            = (known after apply)
      + identity                      = (known after apply)
      + name                          = "sorami-lab"
      + platform_version              = (known after apply)
      + region                        = "ap-southeast-2"
      + role_arn                      = (known after apply)
      + status                        = (known after apply)
      + tags_all                      = {
          + "ManagedBy" = "terraform"
          + "Owner"     = "sorami-lab"
          + "Project"   = "test-harness"
          + "Purpose"   = "research-ephemeral"
        }
      + version                       = "1.35"

      + access_config {
          + authentication_mode                         = "API"
          + bootstrap_cluster_creator_admin_permissions = true
        }

      + compute_config (known after apply)

      + control_plane_scaling_config (known after apply)

      + kube_api_server_config (known after apply)

      + kube_controller_manager_config (known after apply)

      + kube_scheduler_config (known after apply)

      + kubernetes_network_config (known after apply)

      + storage_config (known after apply)

      + upgrade_policy (known after apply)

      + vpc_config {
          + cluster_security_group_id = (known after apply)
          + control_plane_egress_mode = (known after apply)
          + endpoint_private_access   = true
          + endpoint_public_access    = true
          + public_access_cidrs       = [
              + "<operator-ip-redacted>/32",
            ]
          + subnet_ids                = (known after apply)
          + vpc_id                    = (known after apply)
        }
    }

  # aws_eks_node_group.cpu will be created
  + resource "aws_eks_node_group" "cpu" {
      + ami_type               = "AL2023_x86_64_STANDARD"
      + arn                    = (known after apply)
      + capacity_type          = "SPOT"
      + cluster_name           = "sorami-lab"
      + disk_size              = 50
      + id                     = (known after apply)
      + instance_types         = [
          + "m6i.xlarge",
          + "m5.xlarge",
          + "m6a.xlarge",
          + "m7i.xlarge",
        ]
      + node_group_name        = "sorami-lab-cpu-spot"
      + node_group_name_prefix = (known after apply)
      + node_role_arn          = (known after apply)
      + region                 = "ap-southeast-2"
      + release_version        = (known after apply)
      + resources              = (known after apply)
      + status                 = (known after apply)
      + subnet_ids             = (known after apply)
      + tags_all               = {
          + "ManagedBy" = "terraform"
          + "Owner"     = "sorami-lab"
          + "Project"   = "test-harness"
          + "Purpose"   = "research-ephemeral"
        }
      + version                = (known after apply)

      + node_repair_config (known after apply)

      + scaling_config {
          + desired_size = 2
          + max_size     = 3
          + min_size     = 0
        }

      + update_config (known after apply)
    }

  # aws_eks_node_group.gpu will be created
  + resource "aws_eks_node_group" "gpu" {
      + ami_type               = "AL2023_x86_64_NVIDIA"
      + arn                    = (known after apply)
      + capacity_type          = "SPOT"
      + cluster_name           = "sorami-lab"
      + disk_size              = 150
      + id                     = (known after apply)
      + instance_types         = [
          + "g6.xlarge",
          + "g6.2xlarge",
        ]
      + labels                 = {
          + "sorami-lab/pool" = "gpu"
        }
      + node_group_name        = "sorami-lab-gpu-spot"
      + node_group_name_prefix = (known after apply)
      + node_role_arn          = (known after apply)
      + region                 = "ap-southeast-2"
      + release_version        = (known after apply)
      + resources              = (known after apply)
      + status                 = (known after apply)
      + subnet_ids             = (known after apply)
      + tags_all               = {
          + "ManagedBy" = "terraform"
          + "Owner"     = "sorami-lab"
          + "Project"   = "test-harness"
          + "Purpose"   = "research-ephemeral"
        }
      + version                = (known after apply)

      + node_repair_config (known after apply)

      + scaling_config {
          + desired_size = 0
          + max_size     = 4
          + min_size     = 0
        }

      + taint {
          + effect = "NO_SCHEDULE"
          + key    = "sorami-lab/gpu"
          + value  = "true"
        }

      + update_config (known after apply)
    }

  # aws_iam_role.cluster will be created
  + resource "aws_iam_role" "cluster" {
      + arn                   = (known after apply)
      + assume_role_policy    = jsonencode(
            {
              + Statement = [
                  + {
                      + Action    = [
                          + "sts:TagSession",
                          + "sts:AssumeRole",
                        ]
                      + Effect    = "Allow"
                      + Principal = {
                          + Service = "eks.amazonaws.com"
                        }
                    },
                ]
              + Version   = "2012-10-17"
            }
        )
      + create_date           = (known after apply)
      + force_detach_policies = false
      + id                    = (known after apply)
      + managed_policy_arns   = (known after apply)
      + max_session_duration  = 3600
      + name                  = "sorami-lab-eks-cluster"
      + name_prefix           = (known after apply)
      + path                  = "/"
      + tags_all              = {
          + "ManagedBy" = "terraform"
          + "Owner"     = "sorami-lab"
          + "Project"   = "test-harness"
          + "Purpose"   = "research-ephemeral"
        }
      + unique_id             = (known after apply)

      + inline_policy (known after apply)
    }

  # aws_iam_role.node will be created
  + resource "aws_iam_role" "node" {
      + arn                   = (known after apply)
      + assume_role_policy    = jsonencode(
            {
              + Statement = [
                  + {
                      + Action    = "sts:AssumeRole"
                      + Effect    = "Allow"
                      + Principal = {
                          + Service = "ec2.amazonaws.com"
                        }
                    },
                ]
              + Version   = "2012-10-17"
            }
        )
      + create_date           = (known after apply)
      + force_detach_policies = false
      + id                    = (known after apply)
      + managed_policy_arns   = (known after apply)
      + max_session_duration  = 3600
      + name                  = "sorami-lab-eks-node"
      + name_prefix           = (known after apply)
      + path                  = "/"
      + tags_all              = {
          + "ManagedBy" = "terraform"
          + "Owner"     = "sorami-lab"
          + "Project"   = "test-harness"
          + "Purpose"   = "research-ephemeral"
        }
      + unique_id             = (known after apply)

      + inline_policy (known after apply)
    }

  # aws_iam_role_policy_attachment.cluster will be created
  + resource "aws_iam_role_policy_attachment" "cluster" {
      + id         = (known after apply)
      + policy_arn = "arn:aws:iam::aws:policy/AmazonEKSClusterPolicy"
      + role       = "sorami-lab-eks-cluster"
    }

  # aws_iam_role_policy_attachment.node["arn:aws:iam::aws:policy/AmazonEC2ContainerRegistryReadOnly"] will be created
  + resource "aws_iam_role_policy_attachment" "node" {
      + id         = (known after apply)
      + policy_arn = "arn:aws:iam::aws:policy/AmazonEC2ContainerRegistryReadOnly"
      + role       = "sorami-lab-eks-node"
    }

  # aws_iam_role_policy_attachment.node["arn:aws:iam::aws:policy/AmazonEKSWorkerNodePolicy"] will be created
  + resource "aws_iam_role_policy_attachment" "node" {
      + id         = (known after apply)
      + policy_arn = "arn:aws:iam::aws:policy/AmazonEKSWorkerNodePolicy"
      + role       = "sorami-lab-eks-node"
    }

  # aws_iam_role_policy_attachment.node["arn:aws:iam::aws:policy/AmazonEKS_CNI_Policy"] will be created
  + resource "aws_iam_role_policy_attachment" "node" {
      + id         = (known after apply)
      + policy_arn = "arn:aws:iam::aws:policy/AmazonEKS_CNI_Policy"
      + role       = "sorami-lab-eks-node"
    }

  # aws_internet_gateway.this will be created
  + resource "aws_internet_gateway" "this" {
      + arn      = (known after apply)
      + id       = (known after apply)
      + owner_id = (known after apply)
      + region   = "ap-southeast-2"
      + tags     = {
          + "Name" = "sorami-lab-igw"
        }
      + tags_all = {
          + "ManagedBy" = "terraform"
          + "Name"      = "sorami-lab-igw"
          + "Owner"     = "sorami-lab"
          + "Project"   = "test-harness"
          + "Purpose"   = "research-ephemeral"
        }
      + vpc_id   = (known after apply)
    }

  # aws_route_table.public will be created
  + resource "aws_route_table" "public" {
      + arn              = (known after apply)
      + id               = (known after apply)
      + owner_id         = (known after apply)
      + propagating_vgws = (known after apply)
      + region           = "ap-southeast-2"
      + route            = [
          + {
              + cidr_block                 = "0.0.0.0/0"
              + gateway_id                 = (known after apply)
                # (12 unchanged attributes hidden)
            },
        ]
      + tags             = {
          + "Name" = "sorami-lab-public-rt"
        }
      + tags_all         = {
          + "ManagedBy" = "terraform"
          + "Name"      = "sorami-lab-public-rt"
          + "Owner"     = "sorami-lab"
          + "Project"   = "test-harness"
          + "Purpose"   = "research-ephemeral"
        }
      + vpc_id           = (known after apply)
    }

  # aws_route_table_association.public[0] will be created
  + resource "aws_route_table_association" "public" {
      + id             = (known after apply)
      + region         = "ap-southeast-2"
      + route_table_id = (known after apply)
      + subnet_id      = (known after apply)
    }

  # aws_route_table_association.public[1] will be created
  + resource "aws_route_table_association" "public" {
      + id             = (known after apply)
      + region         = "ap-southeast-2"
      + route_table_id = (known after apply)
      + subnet_id      = (known after apply)
    }

  # aws_route_table_association.public[2] will be created
  + resource "aws_route_table_association" "public" {
      + id             = (known after apply)
      + region         = "ap-southeast-2"
      + route_table_id = (known after apply)
      + subnet_id      = (known after apply)
    }

  # aws_subnet.public[0] will be created
  + resource "aws_subnet" "public" {
      + arn                                            = (known after apply)
      + assign_ipv6_address_on_creation                = false
      + availability_zone                              = "ap-southeast-2a"
      + availability_zone_id                           = (known after apply)
      + cidr_block                                     = "10.99.0.0/20"
      + enable_dns64                                   = false
      + enable_resource_name_dns_a_record_on_launch    = false
      + enable_resource_name_dns_aaaa_record_on_launch = false
      + id                                             = (known after apply)
      + ipv6_cidr_block                                = (known after apply)
      + ipv6_cidr_block_association_id                 = (known after apply)
      + ipv6_native                                    = false
      + map_public_ip_on_launch                        = true
      + owner_id                                       = (known after apply)
      + private_dns_hostname_type_on_launch            = (known after apply)
      + region                                         = "ap-southeast-2"
      + tags                                           = {
          + "Name"                   = "sorami-lab-public-ap-southeast-2a"
          + "kubernetes.io/role/elb" = "1"
        }
      + tags_all                                       = {
          + "ManagedBy"              = "terraform"
          + "Name"                   = "sorami-lab-public-ap-southeast-2a"
          + "Owner"                  = "sorami-lab"
          + "Project"                = "test-harness"
          + "Purpose"                = "research-ephemeral"
          + "kubernetes.io/role/elb" = "1"
        }
      + vpc_id                                         = (known after apply)
    }

  # aws_subnet.public[1] will be created
  + resource "aws_subnet" "public" {
      + arn                                            = (known after apply)
      + assign_ipv6_address_on_creation                = false
      + availability_zone                              = "ap-southeast-2b"
      + availability_zone_id                           = (known after apply)
      + cidr_block                                     = "10.99.16.0/20"
      + enable_dns64                                   = false
      + enable_resource_name_dns_a_record_on_launch    = false
      + enable_resource_name_dns_aaaa_record_on_launch = false
      + id                                             = (known after apply)
      + ipv6_cidr_block                                = (known after apply)
      + ipv6_cidr_block_association_id                 = (known after apply)
      + ipv6_native                                    = false
      + map_public_ip_on_launch                        = true
      + owner_id                                       = (known after apply)
      + private_dns_hostname_type_on_launch            = (known after apply)
      + region                                         = "ap-southeast-2"
      + tags                                           = {
          + "Name"                   = "sorami-lab-public-ap-southeast-2b"
          + "kubernetes.io/role/elb" = "1"
        }
      + tags_all                                       = {
          + "ManagedBy"              = "terraform"
          + "Name"                   = "sorami-lab-public-ap-southeast-2b"
          + "Owner"                  = "sorami-lab"
          + "Project"                = "test-harness"
          + "Purpose"                = "research-ephemeral"
          + "kubernetes.io/role/elb" = "1"
        }
      + vpc_id                                         = (known after apply)
    }

  # aws_subnet.public[2] will be created
  + resource "aws_subnet" "public" {
      + arn                                            = (known after apply)
      + assign_ipv6_address_on_creation                = false
      + availability_zone                              = "ap-southeast-2c"
      + availability_zone_id                           = (known after apply)
      + cidr_block                                     = "10.99.32.0/20"
      + enable_dns64                                   = false
      + enable_resource_name_dns_a_record_on_launch    = false
      + enable_resource_name_dns_aaaa_record_on_launch = false
      + id                                             = (known after apply)
      + ipv6_cidr_block                                = (known after apply)
      + ipv6_cidr_block_association_id                 = (known after apply)
      + ipv6_native                                    = false
      + map_public_ip_on_launch                        = true
      + owner_id                                       = (known after apply)
      + private_dns_hostname_type_on_launch            = (known after apply)
      + region                                         = "ap-southeast-2"
      + tags                                           = {
          + "Name"                   = "sorami-lab-public-ap-southeast-2c"
          + "kubernetes.io/role/elb" = "1"
        }
      + tags_all                                       = {
          + "ManagedBy"              = "terraform"
          + "Name"                   = "sorami-lab-public-ap-southeast-2c"
          + "Owner"                  = "sorami-lab"
          + "Project"                = "test-harness"
          + "Purpose"                = "research-ephemeral"
          + "kubernetes.io/role/elb" = "1"
        }
      + vpc_id                                         = (known after apply)
    }

  # aws_vpc.this will be created
  + resource "aws_vpc" "this" {
      + arn                                  = (known after apply)
      + cidr_block                           = "10.99.0.0/16"
      + default_network_acl_id               = (known after apply)
      + default_route_table_id               = (known after apply)
      + default_security_group_id            = (known after apply)
      + dhcp_options_id                      = (known after apply)
      + enable_dns_hostnames                 = true
      + enable_dns_support                   = true
      + enable_network_address_usage_metrics = (known after apply)
      + id                                   = (known after apply)
      + instance_tenancy                     = "default"
      + ipv6_association_id                  = (known after apply)
      + ipv6_cidr_block                      = (known after apply)
      + ipv6_cidr_block_network_border_group = (known after apply)
      + main_route_table_id                  = (known after apply)
      + owner_id                             = (known after apply)
      + region                               = "ap-southeast-2"
      + tags                                 = {
          + "Name" = "sorami-lab-vpc"
        }
      + tags_all                             = {
          + "ManagedBy" = "terraform"
          + "Name"      = "sorami-lab-vpc"
          + "Owner"     = "sorami-lab"
          + "Project"   = "test-harness"
          + "Purpose"   = "research-ephemeral"
        }
    }

Plan: 21 to add, 0 to change, 0 to destroy.

Changes to Outputs:
  + cluster_name = "sorami-lab"
  + vpc_id       = (known after apply)
# EXIT: 0
