# UTC start 2026-09-28T04:52:39Z
04:52:41Z aws_eks_node_group.gpu: Destroying... [id=sorami-lab:sorami-lab-gpu-spot]
04:52:51Z aws_eks_node_group.gpu: Still destroying... [id=sorami-lab:sorami-lab-gpu-spot, 00m10s elapsed]
04:53:01Z aws_eks_node_group.gpu: Still destroying... [id=sorami-lab:sorami-lab-gpu-spot, 00m20s elapsed]
04:53:04Z aws_eks_node_group.gpu: Destruction complete after 24s
04:53:04Z aws_eks_node_group.gpu: Creating...
04:53:15Z aws_eks_node_group.gpu: Still creating... [00m10s elapsed]
04:53:24Z aws_eks_node_group.gpu: Still creating... [00m20s elapsed]
04:53:34Z aws_eks_node_group.gpu: Still creating... [00m30s elapsed]
04:53:45Z aws_eks_node_group.gpu: Still creating... [00m40s elapsed]
04:53:54Z aws_eks_node_group.gpu: Still creating... [00m50s elapsed]
04:54:04Z aws_eks_node_group.gpu: Still creating... [01m00s elapsed]
04:54:15Z aws_eks_node_group.gpu: Still creating... [01m10s elapsed]
04:54:24Z aws_eks_node_group.gpu: Still creating... [01m20s elapsed]
04:54:34Z aws_eks_node_group.gpu: Still creating... [01m30s elapsed]
04:54:44Z aws_eks_node_group.gpu: Still creating... [01m40s elapsed]
04:54:54Z aws_eks_node_group.gpu: Still creating... [01m50s elapsed]
04:55:04Z aws_eks_node_group.gpu: Still creating... [02m00s elapsed]
04:55:15Z aws_eks_node_group.gpu: Still creating... [02m10s elapsed]
04:55:24Z aws_eks_node_group.gpu: Still creating... [02m20s elapsed]
04:55:34Z aws_eks_node_group.gpu: Still creating... [02m30s elapsed]
04:55:45Z aws_eks_node_group.gpu: Still creating... [02m40s elapsed]
04:55:54Z aws_eks_node_group.gpu: Still creating... [02m50s elapsed]
04:56:05Z aws_eks_node_group.gpu: Still creating... [03m00s elapsed]
04:56:15Z aws_eks_node_group.gpu: Still creating... [03m10s elapsed]
04:56:25Z aws_eks_node_group.gpu: Still creating... [03m20s elapsed]
04:56:35Z aws_eks_node_group.gpu: Still creating... [03m30s elapsed]
04:56:45Z aws_eks_node_group.gpu: Still creating... [03m40s elapsed]
04:56:55Z aws_eks_node_group.gpu: Still creating... [03m50s elapsed]
04:57:05Z aws_eks_node_group.gpu: Still creating... [04m00s elapsed]
04:57:15Z aws_eks_node_group.gpu: Still creating... [04m10s elapsed]
04:57:25Z aws_eks_node_group.gpu: Still creating... [04m20s elapsed]
04:57:35Z aws_eks_node_group.gpu: Still creating... [04m30s elapsed]
04:57:45Z aws_eks_node_group.gpu: Still creating... [04m40s elapsed]
04:57:55Z aws_eks_node_group.gpu: Still creating... [04m50s elapsed]
04:58:05Z aws_eks_node_group.gpu: Still creating... [05m00s elapsed]
04:58:15Z aws_eks_node_group.gpu: Still creating... [05m10s elapsed]
04:58:25Z aws_eks_node_group.gpu: Still creating... [05m20s elapsed]
04:58:35Z aws_eks_node_group.gpu: Still creating... [05m30s elapsed]
04:58:45Z aws_eks_node_group.gpu: Still creating... [05m40s elapsed]
04:58:55Z aws_eks_node_group.gpu: Still creating... [05m50s elapsed]
04:59:05Z aws_eks_node_group.gpu: Still creating... [06m00s elapsed]
04:59:15Z aws_eks_node_group.gpu: Still creating... [06m10s elapsed]
04:59:25Z aws_eks_node_group.gpu: Still creating... [06m20s elapsed]
04:59:35Z aws_eks_node_group.gpu: Still creating... [06m30s elapsed]
04:59:45Z aws_eks_node_group.gpu: Still creating... [06m40s elapsed]
04:59:55Z aws_eks_node_group.gpu: Still creating... [06m50s elapsed]
05:00:05Z aws_eks_node_group.gpu: Still creating... [07m00s elapsed]
05:00:15Z aws_eks_node_group.gpu: Still creating... [07m10s elapsed]
05:00:25Z aws_eks_node_group.gpu: Still creating... [07m20s elapsed]
05:00:35Z aws_eks_node_group.gpu: Still creating... [07m30s elapsed]
05:00:45Z aws_eks_node_group.gpu: Still creating... [07m40s elapsed]
05:00:55Z aws_eks_node_group.gpu: Still creating... [07m50s elapsed]
05:01:05Z aws_eks_node_group.gpu: Still creating... [08m00s elapsed]
05:01:15Z aws_eks_node_group.gpu: Still creating... [08m10s elapsed]
05:01:25Z aws_eks_node_group.gpu: Still creating... [08m20s elapsed]
05:01:35Z aws_eks_node_group.gpu: Still creating... [08m30s elapsed]
05:01:45Z aws_eks_node_group.gpu: Still creating... [08m40s elapsed]
05:01:55Z aws_eks_node_group.gpu: Still creating... [08m50s elapsed]
05:02:05Z aws_eks_node_group.gpu: Still creating... [09m00s elapsed]
05:02:15Z aws_eks_node_group.gpu: Still creating... [09m10s elapsed]
05:02:25Z aws_eks_node_group.gpu: Still creating... [09m20s elapsed]
05:02:35Z aws_eks_node_group.gpu: Still creating... [09m30s elapsed]
05:02:45Z aws_eks_node_group.gpu: Still creating... [09m40s elapsed]
05:02:55Z aws_eks_node_group.gpu: Still creating... [09m50s elapsed]
05:03:05Z aws_eks_node_group.gpu: Still creating... [10m00s elapsed]
05:03:15Z aws_eks_node_group.gpu: Still creating... [10m10s elapsed]
05:03:25Z aws_eks_node_group.gpu: Still creating... [10m20s elapsed]
05:03:35Z aws_eks_node_group.gpu: Still creating... [10m30s elapsed]
05:03:45Z aws_eks_node_group.gpu: Still creating... [10m40s elapsed]
05:03:55Z aws_eks_node_group.gpu: Still creating... [10m50s elapsed]
05:04:05Z aws_eks_node_group.gpu: Still creating... [11m00s elapsed]
05:04:15Z aws_eks_node_group.gpu: Still creating... [11m10s elapsed]
05:04:25Z aws_eks_node_group.gpu: Still creating... [11m20s elapsed]
05:04:35Z aws_eks_node_group.gpu: Still creating... [11m30s elapsed]
05:04:45Z aws_eks_node_group.gpu: Still creating... [11m40s elapsed]
05:04:55Z aws_eks_node_group.gpu: Still creating... [11m50s elapsed]
05:05:05Z aws_eks_node_group.gpu: Still creating... [12m00s elapsed]
05:05:15Z aws_eks_node_group.gpu: Still creating... [12m10s elapsed]
05:05:25Z aws_eks_node_group.gpu: Still creating... [12m20s elapsed]
05:05:35Z aws_eks_node_group.gpu: Still creating... [12m30s elapsed]
05:05:45Z aws_eks_node_group.gpu: Still creating... [12m40s elapsed]
05:05:55Z aws_eks_node_group.gpu: Still creating... [12m50s elapsed]
05:06:05Z aws_eks_node_group.gpu: Still creating... [13m00s elapsed]
05:06:15Z aws_eks_node_group.gpu: Still creating... [13m10s elapsed]
05:06:25Z aws_eks_node_group.gpu: Still creating... [13m20s elapsed]
05:06:35Z aws_eks_node_group.gpu: Still creating... [13m30s elapsed]
05:06:45Z aws_eks_node_group.gpu: Still creating... [13m40s elapsed]
05:06:55Z aws_eks_node_group.gpu: Still creating... [13m50s elapsed]
05:07:05Z aws_eks_node_group.gpu: Still creating... [14m00s elapsed]
05:07:15Z aws_eks_node_group.gpu: Still creating... [14m10s elapsed]
05:07:25Z aws_eks_node_group.gpu: Still creating... [14m20s elapsed]
05:07:35Z aws_eks_node_group.gpu: Still creating... [14m30s elapsed]
05:07:45Z aws_eks_node_group.gpu: Still creating... [14m40s elapsed]
05:07:55Z aws_eks_node_group.gpu: Still creating... [14m50s elapsed]
05:08:05Z aws_eks_node_group.gpu: Still creating... [15m00s elapsed]
05:08:15Z aws_eks_node_group.gpu: Still creating... [15m10s elapsed]
05:08:25Z aws_eks_node_group.gpu: Still creating... [15m20s elapsed]
05:08:35Z aws_eks_node_group.gpu: Still creating... [15m30s elapsed]
05:08:45Z aws_eks_node_group.gpu: Still creating... [15m40s elapsed]
05:08:55Z aws_eks_node_group.gpu: Still creating... [15m50s elapsed]
05:09:05Z aws_eks_node_group.gpu: Still creating... [16m00s elapsed]
05:09:15Z aws_eks_node_group.gpu: Still creating... [16m10s elapsed]
05:09:25Z aws_eks_node_group.gpu: Still creating... [16m20s elapsed]
05:09:35Z aws_eks_node_group.gpu: Still creating... [16m30s elapsed]
05:09:45Z aws_eks_node_group.gpu: Still creating... [16m40s elapsed]
05:09:55Z aws_eks_node_group.gpu: Still creating... [16m50s elapsed]
05:10:05Z aws_eks_node_group.gpu: Still creating... [17m00s elapsed]
05:10:15Z aws_eks_node_group.gpu: Still creating... [17m10s elapsed]
05:10:25Z aws_eks_node_group.gpu: Still creating... [17m20s elapsed]
05:10:35Z aws_eks_node_group.gpu: Still creating... [17m30s elapsed]
05:10:45Z aws_eks_node_group.gpu: Still creating... [17m40s elapsed]
05:10:55Z aws_eks_node_group.gpu: Still creating... [17m50s elapsed]
05:11:05Z aws_eks_node_group.gpu: Still creating... [18m00s elapsed]
05:11:15Z aws_eks_node_group.gpu: Still creating... [18m10s elapsed]
05:11:25Z aws_eks_node_group.gpu: Still creating... [18m20s elapsed]
05:11:35Z aws_eks_node_group.gpu: Still creating... [18m30s elapsed]
05:11:45Z aws_eks_node_group.gpu: Still creating... [18m40s elapsed]
05:11:55Z aws_eks_node_group.gpu: Still creating... [18m50s elapsed]
05:12:05Z aws_eks_node_group.gpu: Still creating... [19m00s elapsed]
05:12:15Z aws_eks_node_group.gpu: Still creating... [19m10s elapsed]
05:12:25Z aws_eks_node_group.gpu: Still creating... [19m20s elapsed]
05:12:35Z aws_eks_node_group.gpu: Still creating... [19m30s elapsed]
05:12:45Z aws_eks_node_group.gpu: Still creating... [19m40s elapsed]
05:12:55Z aws_eks_node_group.gpu: Still creating... [19m50s elapsed]
05:13:05Z aws_eks_node_group.gpu: Still creating... [20m00s elapsed]
05:13:15Z aws_eks_node_group.gpu: Still creating... [20m10s elapsed]
05:13:25Z aws_eks_node_group.gpu: Still creating... [20m20s elapsed]
05:13:35Z aws_eks_node_group.gpu: Still creating... [20m30s elapsed]
05:13:45Z aws_eks_node_group.gpu: Still creating... [20m40s elapsed]
05:13:55Z aws_eks_node_group.gpu: Still creating... [20m50s elapsed]
05:14:05Z aws_eks_node_group.gpu: Still creating... [21m00s elapsed]
05:14:15Z aws_eks_node_group.gpu: Still creating... [21m10s elapsed]
05:14:25Z aws_eks_node_group.gpu: Still creating... [21m20s elapsed]
05:14:35Z aws_eks_node_group.gpu: Still creating... [21m30s elapsed]
05:14:45Z aws_eks_node_group.gpu: Still creating... [21m40s elapsed]
05:14:55Z aws_eks_node_group.gpu: Still creating... [21m50s elapsed]
05:15:05Z aws_eks_node_group.gpu: Still creating... [22m00s elapsed]
05:15:15Z aws_eks_node_group.gpu: Still creating... [22m10s elapsed]
05:15:25Z aws_eks_node_group.gpu: Still creating... [22m20s elapsed]
05:15:35Z aws_eks_node_group.gpu: Still creating... [22m30s elapsed]
05:15:45Z aws_eks_node_group.gpu: Still creating... [22m40s elapsed]
05:15:55Z aws_eks_node_group.gpu: Still creating... [22m50s elapsed]
05:16:05Z aws_eks_node_group.gpu: Still creating... [23m00s elapsed]
05:16:15Z aws_eks_node_group.gpu: Still creating... [23m10s elapsed]
05:16:25Z aws_eks_node_group.gpu: Still creating... [23m20s elapsed]
05:16:35Z aws_eks_node_group.gpu: Still creating... [23m30s elapsed]
05:16:45Z aws_eks_node_group.gpu: Still creating... [23m40s elapsed]
05:16:55Z aws_eks_node_group.gpu: Still creating... [23m50s elapsed]
05:17:05Z aws_eks_node_group.gpu: Still creating... [24m00s elapsed]
05:17:15Z aws_eks_node_group.gpu: Still creating... [24m10s elapsed]
05:17:25Z aws_eks_node_group.gpu: Still creating... [24m20s elapsed]
05:17:35Z aws_eks_node_group.gpu: Still creating... [24m30s elapsed]
05:17:45Z aws_eks_node_group.gpu: Still creating... [24m40s elapsed]
05:17:55Z aws_eks_node_group.gpu: Still creating... [24m50s elapsed]
05:18:05Z aws_eks_node_group.gpu: Still creating... [25m00s elapsed]
05:18:15Z aws_eks_node_group.gpu: Still creating... [25m10s elapsed]
05:18:25Z aws_eks_node_group.gpu: Still creating... [25m20s elapsed]
05:18:35Z aws_eks_node_group.gpu: Still creating... [25m30s elapsed]
05:18:45Z aws_eks_node_group.gpu: Still creating... [25m40s elapsed]
05:18:55Z aws_eks_node_group.gpu: Still creating... [25m50s elapsed]
05:19:05Z aws_eks_node_group.gpu: Still creating... [26m00s elapsed]
05:19:15Z aws_eks_node_group.gpu: Still creating... [26m10s elapsed]
05:19:25Z aws_eks_node_group.gpu: Still creating... [26m20s elapsed]
05:19:35Z aws_eks_node_group.gpu: Still creating... [26m30s elapsed]
05:19:45Z aws_eks_node_group.gpu: Still creating... [26m40s elapsed]
05:19:55Z aws_eks_node_group.gpu: Still creating... [26m50s elapsed]
05:20:05Z aws_eks_node_group.gpu: Still creating... [27m00s elapsed]
05:20:15Z aws_eks_node_group.gpu: Still creating... [27m10s elapsed]
05:20:25Z aws_eks_node_group.gpu: Still creating... [27m20s elapsed]
05:20:35Z aws_eks_node_group.gpu: Still creating... [27m30s elapsed]
05:20:45Z aws_eks_node_group.gpu: Still creating... [27m40s elapsed]
05:20:55Z aws_eks_node_group.gpu: Still creating... [27m50s elapsed]
05:21:05Z aws_eks_node_group.gpu: Still creating... [28m00s elapsed]
05:21:15Z aws_eks_node_group.gpu: Still creating... [28m10s elapsed]
05:21:25Z aws_eks_node_group.gpu: Still creating... [28m20s elapsed]
05:21:35Z aws_eks_node_group.gpu: Still creating... [28m30s elapsed]
05:21:45Z aws_eks_node_group.gpu: Still creating... [28m40s elapsed]
05:21:55Z aws_eks_node_group.gpu: Still creating... [28m50s elapsed]
05:22:05Z aws_eks_node_group.gpu: Still creating... [29m00s elapsed]
05:22:15Z aws_eks_node_group.gpu: Still creating... [29m10s elapsed]
05:22:25Z aws_eks_node_group.gpu: Still creating... [29m20s elapsed]
05:22:35Z aws_eks_node_group.gpu: Still creating... [29m30s elapsed]
05:22:45Z aws_eks_node_group.gpu: Still creating... [29m40s elapsed]
05:22:55Z aws_eks_node_group.gpu: Still creating... [29m50s elapsed]
05:23:05Z aws_eks_node_group.gpu: Still creating... [30m00s elapsed]
05:23:15Z aws_eks_node_group.gpu: Still creating... [30m10s elapsed]
05:23:25Z aws_eks_node_group.gpu: Still creating... [30m20s elapsed]
05:23:35Z aws_eks_node_group.gpu: Still creating... [30m30s elapsed]
05:23:45Z aws_eks_node_group.gpu: Still creating... [30m40s elapsed]
05:23:55Z aws_eks_node_group.gpu: Still creating... [30m50s elapsed]
05:24:05Z aws_eks_node_group.gpu: Still creating... [31m00s elapsed]
05:24:15Z aws_eks_node_group.gpu: Still creating... [31m10s elapsed]
05:24:25Z aws_eks_node_group.gpu: Still creating... [31m20s elapsed]
05:24:35Z aws_eks_node_group.gpu: Still creating... [31m30s elapsed]
05:24:45Z aws_eks_node_group.gpu: Still creating... [31m40s elapsed]
05:24:55Z aws_eks_node_group.gpu: Still creating... [31m50s elapsed]
05:25:05Z aws_eks_node_group.gpu: Still creating... [32m00s elapsed]
05:25:15Z aws_eks_node_group.gpu: Still creating... [32m10s elapsed]
05:25:25Z aws_eks_node_group.gpu: Still creating... [32m20s elapsed]
05:25:35Z aws_eks_node_group.gpu: Still creating... [32m30s elapsed]
05:25:45Z aws_eks_node_group.gpu: Still creating... [32m40s elapsed]
05:25:55Z aws_eks_node_group.gpu: Still creating... [32m50s elapsed]
05:26:05Z aws_eks_node_group.gpu: Still creating... [33m00s elapsed]
05:26:15Z aws_eks_node_group.gpu: Still creating... [33m10s elapsed]
05:26:25Z aws_eks_node_group.gpu: Still creating... [33m20s elapsed]
05:26:30Z 
05:26:30Z Error: waiting for EKS Node Group (sorami-lab:sorami-lab-gpu-spot) create: unexpected state 'CREATE_FAILED', wanted target 'ACTIVE'. last error: eks-sorami-lab-gpu-spot-<id-redacted>: AsgInstanceLaunchFailures: Could not launch Spot Instances. UnfulfillableCapacity - Unable to fulfill capacity due to your request configuration. Please adjust your request and try again. Launching EC2 instance failed.
05:26:30Z i-000cfb01a7937def2: NodeCreationFailure: Instances failed to join the kubernetes cluster
05:26:30Z 
05:26:30Z   with aws_eks_node_group.gpu,
05:26:30Z   on eks.tf line 69, in resource "aws_eks_node_group" "gpu":
05:26:30Z   69: resource "aws_eks_node_group" "gpu" {
05:26:30Z 
# EXIT: 1
